// Jest Snapshot v1, https://goo.gl/fbAQLP

exports[`render posterPath false 1`] = `<Fragment />`;

exports[`render posterPath true 1`] = `
<Fragment>
  <StyledPosterContainer>
    <StyledPosterContent>
      <StyledPoster
        posterPath="abc"
      />
    </StyledPosterContent>
  </StyledPosterContainer>
</Fragment>
`;
