// Jest Snapshot v1, https://goo.gl/fbAQLP

exports[`render posterPath true 1`] = `
<Fragment>
  <StyledPosterContainer>
    <StyledPosterContent>
      <StyledPoster
        posterPath="abc"
      />
    </StyledPosterContent>
  </StyledPosterContainer>
</Fragment>
`;

exports[`render trailerPath false, posterPath false 1`] = `<Fragment />`;

exports[`render trailerPath true 1`] = `
<Fragment>
  <StyledTrailerContainer>
    <StyledTrailerContent>
      <StyledTrailer
        trailerPath="cba"
      />
    </StyledTrailerContent>
  </StyledTrailerContainer>
</Fragment>
`;
